// Jest Snapshot v1, https://goo.gl/fbAQLP

exports[`CardItem should render correctly with required props 1`] = `
<div>
  <div
    class="root"
  >
    <label
      class="bp4-control bp4-checkbox checkbox"
    >
      <input
        checked=""
        data-testid="CardItem__checkbox"
        type="checkbox"
        value="testId"
      />
      <span
        class="bp4-control-indicator"
      />
    </label>
    <div
      class="bp4-form-group formGroup"
    >
      <label
        class="bp4-label"
        for="f_testId"
      >
        Front side
         
        <span
          class="bp4-text-muted"
        />
      </label>
      <div
        class="bp4-form-content"
      >
        <textarea
          class="bp4-input bp4-fill textarea"
          id="f_testId"
          style="height: 0px;"
        >
          Test front
        </textarea>
      </div>
    </div>
    <button
      class="bp4-button bp4-minimal swapButton"
      title="Swap sides"
      type="button"
    >
      <span
        aria-hidden="true"
        class="bp4-icon bp4-icon-swap-horizontal"
        icon="swap-horizontal"
      >
        <svg
          data-icon="swap-horizontal"
          height="16"
          role="img"
          viewBox="0 0 16 16"
          width="16"
        >
          <path
            d="M0 7.02L.05 7H0v.02zm2-2.03h9.57l-1.29 1.29A1.003 1.003 0 0011.7 7.7l2.99-3c.18-.18.29-.43.29-.71 0-.28-.11-.53-.29-.71l-2.99-3a1.07 1.07 0 00-.71-.28 1.003 1.003 0 00-.71 1.71L11.57 3H2c-.55 0-1 .45-1 1a1 1 0 001 .99zM15.96 9H16v-.02l-.04.02zM14 11.01H4.43l1.29-1.29A1.003 1.003 0 004.3 8.3l-2.99 3a.99.99 0 00-.29.7c0 .28.11.53.29.71l2.99 3a1.003 1.003 0 001.42-1.42L4.43 13H14c.55 0 1-.45 1-1s-.45-.99-1-.99z"
            fill-rule="evenodd"
          />
        </svg>
      </span>
    </button>
    <div
      class="bp4-form-group formGroup"
    >
      <label
        class="bp4-label"
        for="b_testId"
      >
        Back side
         
        <span
          class="bp4-text-muted"
        />
      </label>
      <div
        class="bp4-form-content"
      >
        <textarea
          class="bp4-input bp4-fill textarea"
          id="b_testId"
          style="height: 0px;"
        >
          Test back
        </textarea>
      </div>
    </div>
    <button
      class="bp4-button bp4-minimal deleteButton"
      title="Delete card"
      type="button"
    >
      <span
        aria-hidden="true"
        class="bp4-icon bp4-icon-trash"
        icon="trash"
      >
        <svg
          data-icon="trash"
          height="16"
          role="img"
          viewBox="0 0 16 16"
          width="16"
        >
          <path
            d="M14.49 3.99h-13c-.28 0-.5.22-.5.5s.22.5.5.5h.5v10c0 .55.45 1 1 1h10c.55 0 1-.45 1-1v-10h.5c.28 0 .5-.22.5-.5s-.22-.5-.5-.5zm-8.5 9c0 .55-.45 1-1 1s-1-.45-1-1v-6c0-.55.45-1 1-1s1 .45 1 1v6zm3 0c0 .55-.45 1-1 1s-1-.45-1-1v-6c0-.55.45-1 1-1s1 .45 1 1v6zm3 0c0 .55-.45 1-1 1s-1-.45-1-1v-6c0-.55.45-1 1-1s1 .45 1 1v6zm2-12h-4c0-.55-.45-1-1-1h-2c-.55 0-1 .45-1 1h-4c-.55 0-1 .45-1 1v1h14v-1c0-.55-.45-1-1-1z"
            fill-rule="evenodd"
          />
        </svg>
      </span>
    </button>
  </div>
</div>
`;
